2026-04-06 04:14:36,131 [INFO] ============================================================
2026-04-06 04:14:36,131 [INFO] SP500 Calculated Ratios Pipeline
2026-04-06 04:14:36,131 [INFO] Input:  ../fundamentals
2026-04-06 04:14:36,131 [INFO] Output: ../fundamentals
2026-04-06 04:14:36,132 [INFO] Ratios: 29 registered
2026-04-06 04:14:36,132 [INFO] ============================================================
2026-04-06 04:14:36,132 [INFO] Loading raw financial statement CSVs...
2026-04-06 04:14:36,172 [INFO]   Annual  — Income: 9, Balance: 9, CashFlow: 10
2026-04-06 04:14:36,172 [INFO]   Quarter — Income: 10, Balance: 10, CashFlow: 12
2026-04-06 04:14:36,172 [INFO]   Ratios Current: 2 tickers
2026-04-06 04:14:36,172 [INFO] Merging statements...
2026-04-06 04:14:36,183 [INFO]   Annual merged:    10 rows
2026-04-06 04:14:36,183 [INFO]   Quarterly merged: 12 rows
2026-04-06 04:14:36,183 [INFO] Calculating ratios...
2026-04-06 04:14:36,189 [INFO]   Annual calculated:    8 rows
2026-04-06 04:14:36,189 [INFO]   Quarterly calculated: 10 rows
2026-04-06 04:14:36,192 [INFO]   Saved ../fundamentals/calculated_ratios_annual.csv (8 rows) [append]
2026-04-06 04:14:36,193 [INFO]   Saved ../fundamentals/calculated_ratios_quarterly.csv (10 rows) [append]
2026-04-06 04:14:36,198 [INFO]   Saved ../fundamentals/calculated_ratios_current.csv (2 rows) [overwrite]
2026-04-06 04:14:36,201 [INFO]   Summary: ../fundamentals/calc_ratios_summary.json
2026-04-06 04:14:36,201 [INFO] 
2026-04-06 04:14:36,201 [INFO] Coverage highlights (annual):
2026-04-06 04:14:36,201 [INFO]   Net Debt/EBITDA (calc): 75.0%
2026-04-06 04:14:36,201 [INFO]   Interest Coverage (calc): 75.0%
2026-04-06 04:14:36,201 [INFO]   Gross Margin (calc): 100.0%
2026-04-06 04:14:36,201 [INFO]   Operating Margin (calc): 100.0%
2026-04-06 04:14:36,201 [INFO]   Net Margin (calc): 100.0%
2026-04-06 04:14:36,201 [INFO]   EBITDA Margin (calc): 100.0%
2026-04-06 04:14:36,201 [INFO]   FCF Margin (calc): 100.0%
2026-04-06 04:14:36,201 [INFO]   ROE (calc): 100.0%
2026-04-06 04:14:36,201 [INFO]   ROA (calc): 100.0%
2026-04-06 04:14:36,201 [INFO]   ROIC (calc): 100.0%
2026-04-06 04:14:36,201 [INFO] 
2026-04-06 04:14:36,201 [INFO] ============================================================
2026-04-06 04:14:36,201 [INFO] DONE — Calculated ratios pipeline complete
2026-04-06 04:14:36,201 [INFO] ============================================================
